#
# There is insufficient memory for the Java Runtime Environment to continue.
# Native memory allocation (mmap) failed to map 130023424 bytes for Failed to commit area from 0x0000000084400000 to 0x000000008c000000 of length 130023424.
# Possible reasons:
#   The system is out of physical RAM or swap space
#   The process is running with CompressedOops enabled, and the Java Heap may be blocking the growth of the native heap
# Possible solutions:
#   Reduce memory load on the system
#   Increase physical memory or swap space
#   Check if swap backing store is full
#   Decrease Java heap size (-Xmx/-Xms)
#   Decrease number of Java threads
#   Decrease Java thread stack sizes (-Xss)
#   Set larger code cache with -XX:ReservedCodeCacheSize=
# This output file may be truncated or incomplete.
#
#  Out of Memory Error (./src/hotspot/os/windows/os_windows.cpp:3386), pid=17896, tid=5004
#
# JRE version:  (11.0.16.1+1) (build )
# Java VM: OpenJDK 64-Bit Server VM (11.0.16.1+1-LTS, mixed mode, sharing, tiered, compressed oops, g1 gc, windows-amd64)
# No core dump will be written. Minidumps are not enabled by default on client versions of Windows
#

---------------  S U M M A R Y ------------

Command Line: 

Host: 11th Gen Intel(R) Core(TM) i7-1165G7 @ 2.80GHz, 8 cores, 7G,  Windows 11 , 64 bit Build 22621 (10.0.22621.2506)
Time: Mon Jan  8 12:00:44 2024 Nepal Standard Time elapsed time: 0.042702 seconds (0d 0h 0m 0s)

---------------  T H R E A D  ---------------

Current thread (0x000001aa31098800):  JavaThread "Unknown thread" [_thread_in_vm, id=5004, stack(0x0000006c10f00000,0x0000006c11000000)]

Stack: [0x0000006c10f00000,0x0000006c11000000]
Native frames: (J=compiled Java code, j=interpreted, Vv=VM code, C=native code)
V  [jvm.dll+0x62652a]
V  [jvm.dll+0x7b3249]
V  [jvm.dll+0x7b4938]
V  [jvm.dll+0x7b5013]
V  [jvm.dll+0x24fca8]
V  [jvm.dll+0x62383a]
V  [jvm.dll+0x617fe5]
V  [jvm.dll+0x307bac]
V  [jvm.dll+0x307a32]
V  [jvm.dll+0x30c746]
V  [jvm.dll+0x352b9f]
V  [jvm.dll+0x3525d0]
V  [jvm.dll+0x2e4ba8]
V  [jvm.dll+0x2e5d06]
V  [jvm.dll+0x78d097]
V  [jvm.dll+0x78e81f]
V  [jvm.dll+0x35f8e9]
V  [jvm.dll+0x770000]
V  [jvm.dll+0x3cd40f]
V  [jvm.dll+0x3cf7a1]
C  [jli.dll+0x5207]
C  [ucrtbase.dll+0x29363]
C  [KERNEL32.DLL+0x1257d]
C  [ntdll.dll+0x5aa58]


---------------  P R O C E S S  ---------------

Threads class SMR info:
_java_thread_list=0x000001aa2ef45110, length=0, elements={
}

Java Threads: ( => current thread )

Other Threads:
  0x000001aa310af000 GCTaskThread "GC Thread#0" [stack: 0x0000006c11000000,0x0000006c11100000] [id=18084]
  0x000001aa310e1000 ConcurrentGCThread "G1 Main Marker" [stack: 0x0000006c11100000,0x0000006c11200000] [id=8924]
  0x000001aa310e3800 ConcurrentGCThread "G1 Conc#0" [stack: 0x0000006c11200000,0x0000006c11300000] [id=19780]

[error occurred during error reporting (printing all threads), id 0xc0000005, EXCEPTION_ACCESS_VIOLATION (0xc0000005) at pc=0x00007ffbc5aa4377]

VM state:not at safepoint (not fully initialized)

VM Mutex/Monitor currently owned by a thread:  ([mutex/lock_event])
[0x000001aa31092eb0] Heap_lock - owner thread: 0x000001aa31098800

Heap address: 0x0000000084400000, size: 1980 MB, Compressed Oops mode: Non-zero based: 0x0000000084400000
Narrow klass base: 0x0000000000000000, Narrow klass shift: 0

GC Heap History (0 events):
No events

Deoptimization events (0 events):
No events

Classes redefined (0 events):
No events

Internal exceptions (0 events):
No events

Events (1 events):
Event: 0.036 Loaded shared library C:\Program Files\Microsoft\jdk-11.0.16.101-hotspot\bin\zip.dll


Dynamic libraries:
0x00007ff63ced0000 - 0x00007ff63cedd000 	C:\Program Files\Microsoft\jdk-11.0.16.101-hotspot\bin\java.exe
0x00007ffcaf0d0000 - 0x00007ffcaf2e7000 	C:\WINDOWS\SYSTEM32\ntdll.dll
0x00007ffcad400000 - 0x00007ffcad4c4000 	C:\WINDOWS\System32\KERNEL32.DLL
0x00007ffcac440000 - 0x00007ffcac7e6000 	C:\WINDOWS\System32\KERNELBASE.dll
0x00007ffcac940000 - 0x00007ffcaca51000 	C:\WINDOWS\System32\ucrtbase.dll
0x00007ffbcb480000 - 0x00007ffbcb497000 	C:\Program Files\Microsoft\jdk-11.0.16.101-hotspot\bin\jli.dll
0x00007ffcadf40000 - 0x00007ffcae0ee000 	C:\WINDOWS\System32\USER32.dll
0x00007ffcac910000 - 0x00007ffcac936000 	C:\WINDOWS\System32\win32u.dll
0x00007ffcaf060000 - 0x00007ffcaf089000 	C:\WINDOWS\System32\GDI32.dll
0x00007ffcac7f0000 - 0x00007ffcac908000 	C:\WINDOWS\System32\gdi32full.dll
0x00007ffcaca60000 - 0x00007ffcacafa000 	C:\WINDOWS\System32\msvcp_win.dll
0x00007ffc95440000 - 0x00007ffc956d3000 	C:\WINDOWS\WinSxS\amd64_microsoft.windows.common-controls_6595b64144ccf1df_6.0.22621.2506_none_270c5ae97388e100\COMCTL32.dll
0x00007ffcae5e0000 - 0x00007ffcae687000 	C:\WINDOWS\System32\msvcrt.dll
0x00007ffbcb170000 - 0x00007ffbcb185000 	C:\Program Files\Microsoft\jdk-11.0.16.101-hotspot\bin\VCRUNTIME140.dll
0x00007ffcae580000 - 0x00007ffcae5b1000 	C:\WINDOWS\System32\IMM32.DLL
0x00007ffbcab90000 - 0x00007ffbcac2b000 	C:\Program Files\Microsoft\jdk-11.0.16.101-hotspot\bin\msvcp140.dll
0x00007ffbc57b0000 - 0x00007ffbc633a000 	C:\Program Files\Microsoft\jdk-11.0.16.101-hotspot\bin\server\jvm.dll
0x00007ffcae800000 - 0x00007ffcae8b1000 	C:\WINDOWS\System32\ADVAPI32.dll
0x00007ffcaced0000 - 0x00007ffcacf75000 	C:\WINDOWS\System32\sechost.dll
0x00007ffcaddb0000 - 0x00007ffcadec7000 	C:\WINDOWS\System32\RPCRT4.dll
0x00007ffcae9b0000 - 0x00007ffcae9b8000 	C:\WINDOWS\System32\PSAPI.DLL
0x00007ffc7d930000 - 0x00007ffc7d939000 	C:\WINDOWS\SYSTEM32\WSOCK32.dll
0x00007ffcadd30000 - 0x00007ffcadda1000 	C:\WINDOWS\System32\WS2_32.dll
0x00007ffc9fcd0000 - 0x00007ffc9fd04000 	C:\WINDOWS\SYSTEM32\WINMM.dll
0x00007ffc9d6a0000 - 0x00007ffc9d6aa000 	C:\WINDOWS\SYSTEM32\VERSION.dll
0x00007ffcab530000 - 0x00007ffcab548000 	C:\WINDOWS\SYSTEM32\kernel.appcore.dll
0x00007ffc841d0000 - 0x00007ffc841e0000 	C:\Program Files\Microsoft\jdk-11.0.16.101-hotspot\bin\verify.dll
0x00007ffca97a0000 - 0x00007ffca99d3000 	C:\WINDOWS\SYSTEM32\DBGHELP.DLL
0x00007ffcaec30000 - 0x00007ffcaefb9000 	C:\WINDOWS\System32\combase.dll
0x00007ffcae8d0000 - 0x00007ffcae9a7000 	C:\WINDOWS\System32\OLEAUT32.dll
0x00007ffc92de0000 - 0x00007ffc92e12000 	C:\WINDOWS\SYSTEM32\dbgcore.DLL
0x00007ffcacce0000 - 0x00007ffcacd5a000 	C:\WINDOWS\System32\bcryptPrimitives.dll
0x00007ffbcb140000 - 0x00007ffbcb168000 	C:\Program Files\Microsoft\jdk-11.0.16.101-hotspot\bin\java.dll
0x00007ffc812a0000 - 0x00007ffc812aa000 	C:\Program Files\Microsoft\jdk-11.0.16.101-hotspot\bin\jimage.dll
0x00007ffbcaef0000 - 0x00007ffbcaf08000 	C:\Program Files\Microsoft\jdk-11.0.16.101-hotspot\bin\zip.dll

dbghelp: loaded successfully - version: 4.0.5 - missing functions: none
symbol engine: initialized successfully - sym options: 0x614 - pdb path: .;C:\Program Files\Microsoft\jdk-11.0.16.101-hotspot\bin;C:\WINDOWS\SYSTEM32;C:\WINDOWS\WinSxS\amd64_microsoft.windows.common-controls_6595b64144ccf1df_6.0.22621.2506_none_270c5ae97388e100;C:\Program Files\Microsoft\jdk-11.0.16.101-hotspot\bin\server

VM Arguments:
java_command: <unknown>
java_class_path (initial): <not set>
Launcher Type: SUN_STANDARD

[Global flags]
     intx CICompilerCount                          = 4                                         {product} {ergonomic}
     uint ConcGCThreads                            = 2                                         {product} {ergonomic}
     uint G1ConcRefinementThreads                  = 8                                         {product} {ergonomic}
   size_t G1HeapRegionSize                         = 1048576                                   {product} {ergonomic}
    uintx GCDrainStackTargetSize                   = 64                                        {product} {ergonomic}
   size_t InitialHeapSize                          = 130023424                                 {product} {ergonomic}
   size_t MarkStackSize                            = 4194304                                   {product} {ergonomic}
   size_t MaxHeapSize                              = 2076180480                                {product} {ergonomic}
   size_t MinHeapDeltaBytes                        = 1048576                                   {product} {ergonomic}
    uintx NonNMethodCodeHeapSize                   = 5836300                                {pd product} {ergonomic}
    uintx NonProfiledCodeHeapSize                  = 122910970                              {pd product} {ergonomic}
    uintx ProfiledCodeHeapSize                     = 122910970                              {pd product} {ergonomic}
    uintx ReservedCodeCacheSize                    = 251658240                              {pd product} {ergonomic}
     bool SegmentedCodeCache                       = true                                      {product} {ergonomic}
     bool UseCompressedClassPointers               = true                                 {lp64_product} {ergonomic}
     bool UseCompressedOops                        = true                                 {lp64_product} {ergonomic}
     bool UseG1GC                                  = true                                      {product} {ergonomic}
     bool UseLargePagesIndividualAllocation        = false                                  {pd product} {ergonomic}

Logging:
Log output configuration:
 #0: stdout all=warning uptime,level,tags
 #1: stderr all=off uptime,level,tags

Environment Variables:
PATH=C:\oraclexe\app\oracle\product\11.2.0\server\bin;;C:\Program Files\Microsoft\jdk-11.0.16.101-hotspot\bin;C:\Users\shres\OneDrive\Desktop\Django\Scripts\;C:\Users\shres\OneDrive\Desktop\Django\;C:\Program Files\Common Files\Oracle\Java\javapath;C:\Windows\system32;C:\Windows;C:\Windows\System32\Wbem;C:\Windows\System32\WindowsPowerShell\v1.0\;C:\Windows\System32\OpenSSH\;C:\Program Files\NVIDIA Corporation\NVIDIA NvDLISR;C:\WINDOWS\system32;C:\WINDOWS;C:\WINDOWS\System32\Wbem;C:\WINDOWS\System32\WindowsPowerShell\v1.0\;C:\WINDOWS\System32\OpenSSH\;C:\Program Files (x86)\Microsoft SQL Server\160\DTS\Binn\;C:\Program Files\Azure Data Studio\bin;C:\Program Files\Microsoft SQL Server\Client SDK\ODBC\170\Tools\Binn\;C:\Program Files (x86)\Microsoft SQL Server\150\Tools\Binn\;C:\Program Files\Microsoft SQL Server\150\Tools\Binn\;C:\Program Files\Microsoft SQL Server\150\DTS\Binn\;C:\Program Files\Git\cmd;C:\Program Files\dotnet\;C:\Users\shres\AppData\Local\Microsoft\WindowsApps;C:\Users\shres\AppData\Local\Programs\Microsoft VS Code\bin;C:\ProgramData\shres\GitHubDesktop\bin;C:\Users\shres\AppData\Local\GitHubDesktop\bin;C:\Program Files\JetBrains\PyCharm 2023.1.3\bin;C:\Program Files\JetBrains\PyCharm Community Edition 2023.1.3\bin;C:\Users\shres\.dotnet\tools
USERNAME=shres
OS=Windows_NT
PROCESSOR_IDENTIFIER=Intel64 Family 6 Model 140 Stepping 1, GenuineIntel
TMP=C:\Users\shres\AppData\Local\Temp
TEMP=C:\Users\shres\AppData\Local\Temp



---------------  S Y S T E M  ---------------

OS: Windows 11 , 64 bit Build 22621 (10.0.22621.2506)
OS uptime: 0 days 0:16 hours

CPU:total 8 (initial active 8) (4 cores per cpu, 2 threads per core) family 6 model 140 stepping 1 microcode 0xb4, cmov, cx8, fxsr, mmx, sse, sse2, sse3, ssse3, sse4.1, sse4.2, popcnt, avx, avx2, aes, clmul, erms, 3dnowpref, lzcnt, ht, tsc, tscinvbit, bmi1, bmi2, adx, evex, sha, fma

Memory: 4k page, system-wide physical 7914M (539M free)
TotalPageFile size 12991M (AvailPageFile size 119M)
current process WorkingSet (physical memory assigned to process): 10M, peak: 10M
current process commit charge ("private bytes"): 60M, peak: 184M

vm_info: OpenJDK 64-Bit Server VM (11.0.16.1+1-LTS) for windows-amd64 JRE (11.0.16.1+1-LTS), built on Aug 20 2022 20:09:04 by "" with MS VC++ 15.9 (VS2017)

END.
