#
# A fatal error has been detected by the Java Runtime Environment:
#
#  EXCEPTION_ACCESS_VIOLATION (0xc0000005) at pc=0x00007fff561a1bd5, pid=11532, tid=13756
#
# JRE version:  (11.0.16.1+1) (build )
# Java VM: OpenJDK 64-Bit Server VM (11.0.16.1+1-LTS, mixed mode, sharing, tiered, unknown gc, windows-amd64)
# Problematic frame:
# C  [jimage.dll+0x1bd5]
#
# No core dump will be written. Minidumps are not enabled by default on client versions of Windows
#
#

---------------  S U M M A R Y ------------

Command Line: 

Host: 11th Gen Intel(R) Core(TM) i7-1165G7 @ 2.80GHz, 8 cores, 7G,  Windows 11 , 64 bit Build 22621 (10.0.22621.2506)
Time: Mon Jan  8 11:00:22 2024 Nepal Standard Time elapsed time: 0.602039 seconds (0d 0h 0m 0s)

---------------  T H R E A D  ---------------

Current thread is native thread

Stack: [0x000000d3c2300000,0x000000d3c2400000],  sp=0x000000d3c23fd210,  free space=1012k
Native frames: (J=compiled Java code, j=interpreted, Vv=VM code, C=native code)
C  [jimage.dll+0x1bd5]


siginfo: EXCEPTION_ACCESS_VIOLATION (0xc0000005), reading address 0x00000000000146cc


Registers:
RAX=0x00000000000051ac, RBX=0x000000d3c23fd301, RCX=0x00007fff561a6000, RDX=0x00000000000051ac
RSP=0x000000d3c23fd210, RBP=0x000000d3c23fd300, RSI=0x00000000000084fe, RDI=0x000000d3c23fd300
R8 =0x00007fff561a4268, R9 =0x000000000000001c, R10=0x00007ffe6d231a00, R11=0x00007fff561a6000
R12=0x000000d3c23ff9a0, R13=0x0000000000000000, R14=0x000000d3c23fe370, R15=0x00007ffe6d231a18
RIP=0x00007fff561a1bd5, EFLAGS=0x0000000000010246

Top of Stack: (sp=0x000000d3c23fd210)
0x000000d3c23fd210:   0000000000020000 000000d3c23fd240
0x000000d3c23fd220:   000000d3c23fd240 000000d3c23fd240
0x000000d3c23fd230:   000002aa329fdc20 00007fff561a1d63
0x000000d3c23fd240:   000000000000000b 000002aa329fdc20
0x000000d3c23fd250:   0000000000000001 000000d3c23fd6d0
0x000000d3c23fd260:   0000000000000000 0000000000000000
0x000000d3c23fd270:   0000000000000000 0000000000000000
0x000000d3c23fd280:   000000d3c23fd390 00007fff72aeb47f
0x000000d3c23fd290:   0000000000000000 0000000000000000
0x000000d3c23fd2a0:   0000edb4e37c8c40 00007fff561a0000
0x000000d3c23fd2b0:   00007ffe6d20eac8 0000000000000017
0x000000d3c23fd2c0:   000002aa329fdc20 000000d3c23fe370
0x000000d3c23fd2d0:   000000000000000b 00007fff561a2641
0x000000d3c23fd2e0:   000002aa01000020 000000d3c23fd980
0x000000d3c23fd2f0:   0000000000000000 000000d3c23fd928
0x000000d3c23fd300:   61622e6176616a2f 692f6b646a2f6573 

Instructions: (pc=0x00007fff561a1bd5)
0x00007fff561a1ad5:   48 85 c9 74 1d 80 3d 2f 45 00 00 00 74 06 48 8b
0x00007fff561a1ae5:   53 18 eb 04 48 8b 53 40 e8 ae 0e 00 00 48 83 63
0x00007fff561a1af5:   48 00 8b 4b 0c 83 f9 ff 74 09 e8 e4 0c 00 00 83
0x00007fff561a1b05:   4b 0c ff 48 8b 4b 70 48 85 c9 74 0f ba 10 00 00
0x00007fff561a1b15:   00 e8 fd 0e 00 00 48 83 63 70 00 48 83 c4 20 5b
0x00007fff561a1b25:   c3 cc cc 40 53 48 83 ec 20 48 8b d9 48 8d 0d e8
0x00007fff561a1b35:   46 00 00 e8 b3 0c 00 00 83 6b 08 01 75 24 48 8b
0x00007fff561a1b45:   d3 48 8d 0d cb 44 00 00 e8 22 08 00 00 48 8b cb
0x00007fff561a1b55:   e8 de fe ff ff ba 78 00 00 00 48 8b cb e8 b1 0e
0x00007fff561a1b65:   00 00 48 8d 0d b2 46 00 00 48 83 c4 20 5b e9 80
0x00007fff561a1b75:   0c 00 00 48 89 5c 24 08 48 89 74 24 10 57 48 83
0x00007fff561a1b85:   ec 20 41 8b f1 4d 8b c8 48 8b fa 4c 8b d9 4d 85
0x00007fff561a1b95:   c0 74 78 85 f6 74 74 44 8a 12 48 8d 5a 01 48 8b
0x00007fff561a1ba5:   d3 b8 93 01 00 01 eb 12 69 c0 93 01 00 01 41 0f
0x00007fff561a1bb5:   b6 ca 44 8a 12 33 c1 48 ff c2 45 84 d2 75 e9 4d
0x00007fff561a1bc5:   8b 03 0f ba f0 1f 33 d2 49 8b cb f7 f6 48 63 c2
0x00007fff561a1bd5:   41 8b 14 81 41 ff 50 08 85 c0 7e 24 8a 0f eb 10
0x00007fff561a1be5:   69 c0 93 01 00 01 0f b6 c9 33 c1 8a 0b 48 ff c3
0x00007fff561a1bf5:   84 c9 75 ec 0f ba f0 1f 33 d2 f7 f6 8b c2 eb 0e
0x00007fff561a1c05:   79 09 83 c9 ff 2b c8 8b c1 eb 03 83 c8 ff 48 8b
0x00007fff561a1c15:   5c 24 30 48 8b 74 24 38 48 83 c4 20 5f c3 cc 48
0x00007fff561a1c25:   89 5c 24 08 48 89 74 24 10 57 48 83 ec 20 48 8b
0x00007fff561a1c35:   f1 48 8d 0d e3 45 00 00 e8 ae 0b 00 00 33 ff 39
0x00007fff561a1c45:   3d ce 43 00 00 76 24 48 8b 05 cd 43 00 00 48 8b
0x00007fff561a1c55:   d6 48 8b 1c f8 48 8b 0b e8 be 1e 00 00 85 c0 74
0x00007fff561a1c65:   2b ff c7 3b 3d aa 43 00 00 72 dc 33 db 48 8d 0d
0x00007fff561a1c75:   a7 45 00 00 e8 7a 0b 00 00 48 8b 74 24 38 48 8b
0x00007fff561a1c85:   c3 48 8b 5c 24 30 48 83 c4 20 5f c3 ff 43 08 eb
0x00007fff561a1c95:   dc cc cc 48 89 5c 24 08 48 89 74 24 10 57 48 83
0x00007fff561a1ca5:   ec 20 48 8b d9 48 8b f2 48 8b 49 10 49 8b f8 8b
0x00007fff561a1cb5:   53 30 48 8b 01 ff 50 20 4c 8b 43 50 48 8b d6 48
0x00007fff561a1cc5:   8b 4b 10 44 8b c8 e8 a8 fe ff ff 83 f8 ff 74 38 



---------------  P R O C E S S  ---------------

VM state:not at safepoint (not fully initialized)

VM Mutex/Monitor currently owned by a thread: None


Dynamic libraries:
0x00007ff733dd0000 - 0x00007ff733ddd000 	C:\Program Files\Microsoft\jdk-11.0.16.101-hotspot\bin\java.exe
0x00007fff72ad0000 - 0x00007fff72ce7000 	C:\WINDOWS\SYSTEM32\ntdll.dll
0x00007fff71520000 - 0x00007fff715e4000 	C:\WINDOWS\System32\KERNEL32.DLL
0x00007fff703b0000 - 0x00007fff70756000 	C:\WINDOWS\System32\KERNELBASE.dll
0x00007fff6ffb0000 - 0x00007fff700c1000 	C:\WINDOWS\System32\ucrtbase.dll
0x00007fff18960000 - 0x00007fff18977000 	C:\Program Files\Microsoft\jdk-11.0.16.101-hotspot\bin\jli.dll
0x00007fff71150000 - 0x00007fff712fe000 	C:\WINDOWS\System32\USER32.dll
0x00007fff70150000 - 0x00007fff70176000 	C:\WINDOWS\System32\win32u.dll
0x00007fff70860000 - 0x00007fff70889000 	C:\WINDOWS\System32\GDI32.dll
0x00007fff70180000 - 0x00007fff70298000 	C:\WINDOWS\System32\gdi32full.dll
0x00007fff70310000 - 0x00007fff703aa000 	C:\WINDOWS\System32\msvcp_win.dll
0x00007fff15d80000 - 0x00007fff15d95000 	C:\Program Files\Microsoft\jdk-11.0.16.101-hotspot\bin\VCRUNTIME140.dll
0x00007fff5d820000 - 0x00007fff5dab3000 	C:\WINDOWS\WinSxS\amd64_microsoft.windows.common-controls_6595b64144ccf1df_6.0.22621.2506_none_270c5ae97388e100\COMCTL32.dll
0x00007fff71300000 - 0x00007fff713a7000 	C:\WINDOWS\System32\msvcrt.dll
0x00007fff70820000 - 0x00007fff70851000 	C:\WINDOWS\System32\IMM32.DLL
0x00007ffe72150000 - 0x00007ffe721eb000 	C:\Program Files\Microsoft\jdk-11.0.16.101-hotspot\bin\msvcp140.dll
0x00007ffe6c990000 - 0x00007ffe6d51a000 	C:\Program Files\Microsoft\jdk-11.0.16.101-hotspot\bin\server\jvm.dll
0x00007fff724e0000 - 0x00007fff72591000 	C:\WINDOWS\System32\ADVAPI32.dll
0x00007fff70c70000 - 0x00007fff70d15000 	C:\WINDOWS\System32\sechost.dll
0x00007fff70e20000 - 0x00007fff70f37000 	C:\WINDOWS\System32\RPCRT4.dll
0x00007fff71060000 - 0x00007fff71068000 	C:\WINDOWS\System32\PSAPI.DLL
0x00007fff3da30000 - 0x00007fff3da39000 	C:\WINDOWS\SYSTEM32\WSOCK32.dll
0x00007fff729a0000 - 0x00007fff72a11000 	C:\WINDOWS\System32\WS2_32.dll
0x00007fff68e40000 - 0x00007fff68e74000 	C:\WINDOWS\SYSTEM32\WINMM.dll
0x00007fff686f0000 - 0x00007fff686fa000 	C:\WINDOWS\SYSTEM32\VERSION.dll
0x00007fff6ef30000 - 0x00007fff6ef48000 	C:\WINDOWS\SYSTEM32\kernel.appcore.dll
0x00007fff5adb0000 - 0x00007fff5adc0000 	C:\Program Files\Microsoft\jdk-11.0.16.101-hotspot\bin\verify.dll
0x00007fff6d6a0000 - 0x00007fff6d8d3000 	C:\WINDOWS\SYSTEM32\DBGHELP.DLL
0x00007fff725a0000 - 0x00007fff72929000 	C:\WINDOWS\System32\combase.dll
0x00007fff71070000 - 0x00007fff71147000 	C:\WINDOWS\System32\OLEAUT32.dll
0x00007fff5dbf0000 - 0x00007fff5dc22000 	C:\WINDOWS\SYSTEM32\dbgcore.DLL
0x00007fff700d0000 - 0x00007fff7014a000 	C:\WINDOWS\System32\bcryptPrimitives.dll
0x00007fff15910000 - 0x00007fff15938000 	C:\Program Files\Microsoft\jdk-11.0.16.101-hotspot\bin\java.dll
0x00007fff561a0000 - 0x00007fff561aa000 	C:\Program Files\Microsoft\jdk-11.0.16.101-hotspot\bin\jimage.dll

dbghelp: loaded successfully - version: 4.0.5 - missing functions: none
symbol engine: initialized successfully - sym options: 0x614 - pdb path: .;C:\Program Files\Microsoft\jdk-11.0.16.101-hotspot\bin;C:\WINDOWS\SYSTEM32;C:\WINDOWS\WinSxS\amd64_microsoft.windows.common-controls_6595b64144ccf1df_6.0.22621.2506_none_270c5ae97388e100;C:\Program Files\Microsoft\jdk-11.0.16.101-hotspot\bin\server

VM Arguments:
java_command: <unknown>
java_class_path (initial): <not set>
Launcher Type: SUN_STANDARD

[Global flags]
     bool UseLargePagesIndividualAllocation        = false                                  {pd product} {ergonomic}

Logging:
Log output configuration:
 #0: stdout all=warning uptime,level,tags
 #1: stderr all=off uptime,level,tags

Environment Variables:
PATH=C:\oraclexe\app\oracle\product\11.2.0\server\bin;;C:\Program Files\Microsoft\jdk-11.0.16.101-hotspot\bin;C:\Users\shres\OneDrive\Desktop\Django\Scripts\;C:\Users\shres\OneDrive\Desktop\Django\;C:\Program Files\Common Files\Oracle\Java\javapath;C:\Windows\system32;C:\Windows;C:\Windows\System32\Wbem;C:\Windows\System32\WindowsPowerShell\v1.0\;C:\Windows\System32\OpenSSH\;C:\Program Files\NVIDIA Corporation\NVIDIA NvDLISR;C:\WINDOWS\system32;C:\WINDOWS;C:\WINDOWS\System32\Wbem;C:\WINDOWS\System32\WindowsPowerShell\v1.0\;C:\WINDOWS\System32\OpenSSH\;C:\Program Files (x86)\Microsoft SQL Server\160\DTS\Binn\;C:\Program Files\Azure Data Studio\bin;C:\Program Files\Microsoft SQL Server\Client SDK\ODBC\170\Tools\Binn\;C:\Program Files (x86)\Microsoft SQL Server\150\Tools\Binn\;C:\Program Files\Microsoft SQL Server\150\Tools\Binn\;C:\Program Files\Microsoft SQL Server\150\DTS\Binn\;C:\Program Files\Git\cmd;C:\Program Files\dotnet\;C:\Users\shres\AppData\Local\Microsoft\WindowsApps;C:\Program Files\Azure Data Studio\bin;C:\Users\shres\AppData\Local\Programs\Microsoft VS Code\bin;C:\ProgramData\shres\GitHubDesktop\bin;C:\Users\shres\AppData\Local\GitHubDesktop\bin;C:\Program Files\JetBrains\PyCharm 2023.1.3\bin;;C:\Program Files\JetBrains\PyCharm Community Edition 2023.1.3\bin;;C:\Users\shres\.dotnet\tools
USERNAME=shres
OS=Windows_NT
PROCESSOR_IDENTIFIER=Intel64 Family 6 Model 140 Stepping 1, GenuineIntel
TMP=C:\Users\shres\AppData\Local\Temp
TEMP=C:\Users\shres\AppData\Local\Temp



---------------  S Y S T E M  ---------------

OS: Windows 11 , 64 bit Build 22621 (10.0.22621.2506)
OS uptime: 0 days 2:48 hours

CPU:total 8 (initial active 0) 

Memory: 4k page, system-wide physical 7914M (309M free)
TotalPageFile size 13699M (AvailPageFile size 61M)
current process WorkingSet (physical memory assigned to process): 8M, peak: 8M
current process commit charge ("private bytes"): 3M, peak: 3M

vm_info: OpenJDK 64-Bit Server VM (11.0.16.1+1-LTS) for windows-amd64 JRE (11.0.16.1+1-LTS), built on Aug 20 2022 20:09:04 by "" with MS VC++ 15.9 (VS2017)

END.
